../Core/Src/main.c:80:5:main	8	static
../Core/Src/main.c:131:6:SystemClock_Config	72	static
../Core/Src/main.c:171:13:MX_TIM3_Init	32	static
../Core/Src/main.c:216:13:MX_GPIO_Init	40	static
../Core/Src/main.c:248:6:SetAllOff	8	static
../Core/Src/main.c:255:6:SetRedOn	8	static
../Core/Src/main.c:261:6:SetGreenOn	8	static
../Core/Src/main.c:267:6:SetBlueOn	8	static
../Core/Src/main.c:273:6:SetAllOn	8	static
../Core/Src/main.c:280:6:SetLedEffect	8	static
../Core/Src/main.c:300:6:Calculate_present_counter	4	static
../Core/Src/main.c:318:6:Calculate_present_counter_1	4	static
../Core/Src/main.c:336:6:HAL_TIM_PeriodElapsedCallback	16	static
../Core/Src/main.c:362:6:Error_Handler	4	static,ignoring_inline_asm
