../Core/Src/main.c:77:6:HAL_TIM_PeriodElapsedCallback	16	static
../Core/Src/main.c:91:5:main	8	static
../Core/Src/main.c:154:6:SystemClock_Config	72	static
../Core/Src/main.c:194:13:MX_CAN_Init	48	static
../Core/Src/main.c:244:13:MX_I2C2_Init	8	static
../Core/Src/main.c:278:13:MX_TIM2_Init	32	static
../Core/Src/main.c:323:13:MX_TIM3_Init	32	static
../Core/Src/main.c:368:13:MX_USART1_UART_Init	8	static
../Core/Src/main.c:401:13:MX_GPIO_Init	40	static
../Core/Src/main.c:466:6:Error_Handler	4	static,ignoring_inline_asm
